// Jest Snapshot v1, https://goo.gl/fbAQLP

exports[`Testing drawer renders correctly 1`] = `null`;
