// Jest Snapshot v1, https://goo.gl/fbAQLP

exports[`Testing filter renders correctly 1`] = `null`;
