// Jest Snapshot v1, https://goo.gl/fbAQLP

exports[`Testing screen renders correctly 1`] = `
Array [
  "0",
  "0",
]
`;
