// Jest Snapshot v1, https://goo.gl/fbAQLP

exports[`Testing modal renders correctly 1`] = `null`;
